[33m❯[39m Building...
[32m✔[39m Building...
Application bundle generation failed. [18.004 seconds]

